2026-09-24 19:23:18 | [DEBUG  ] | Стороны: a=3.0, b=4.0, c=5.0
2026-09-24 19:23:18 | [INFO   ] | Определён вид треугольника: разносторонний
2026-09-24 19:23:18 | [INFO   ] | Итоговые координаты: [(1, 1), (74, 1), (74, 99)]
2026-09-24 19:23:18 | [DEBUG  ] | Стороны: a=3.0, b=4.0, c=5.0
2026-09-24 19:23:18 | [INFO   ] | Определён вид треугольника: разносторонний
2026-09-24 19:23:18 | [INFO   ] | Итоговые координаты: [(1, 1), (74, 1), (74, 99)]
2026-09-24 19:23:18 | [DEBUG  ] | Стороны: a=10.0, b=10.0, c=10.0
2026-09-24 19:23:18 | [INFO   ] | Определён вид треугольника: равносторонний
2026-09-24 19:23:18 | [INFO   ] | Итоговые координаты: [(1, 1), (99, 1), (50, 85)]
2026-09-24 19:23:18 | [DEBUG  ] | Стороны: a=300.0, b=400.0, c=500.0
2026-09-24 19:23:18 | [INFO   ] | Определён вид треугольника: разносторонний
2026-09-24 19:23:18 | [INFO   ] | Итоговые координаты: [(1, 1), (74, 1), (74, 99)]
2026-09-24 19:23:18 | [DEBUG  ] | Стороны: a=3.0, b=4.0, c=5.0
2026-09-24 19:23:18 | [INFO   ] | Определён вид треугольника: разносторонний
2026-09-24 19:23:18 | [INFO   ] | Итоговые координаты: [(1, 1), (74, 1), (74, 99)]
2026-09-24 19:23:18 | [DEBUG  ] | Стороны: a=3.0, b=4.0, c=5.0
2026-09-24 19:23:18 | [INFO   ] | Определён вид треугольника: разносторонний
2026-09-24 19:23:18 | [INFO   ] | Итоговые координаты: [(1, 1), (74, 1), (74, 99)]
2026-09-24 19:23:18 | [DEBUG  ] | Стороны: a=-3.0, b=-4.0, c=-5.0
2026-09-24 19:23:18 | [WARNING] | Треугольник с такими сторонами не существует: a=-3.0, b=-4.0, c=-5.0
2026-09-24 19:23:18 | [DEBUG  ] | Стороны: a=100.0, b=1.0, c=1.0
2026-09-24 19:23:18 | [WARNING] | Треугольник с такими сторонами не существует: a=100.0, b=1.0, c=1.0
2026-09-24 19:23:18 | [DEBUG  ] | Стороны: a=1.0, b=100.0, c=1.0
2026-09-24 19:23:18 | [WARNING] | Треугольник с такими сторонами не существует: a=1.0, b=100.0, c=1.0
2026-09-24 19:23:18 | [DEBUG  ] | Стороны: a=1.0, b=1.0, c=100.0
2026-09-24 19:23:18 | [WARNING] | Треугольник с такими сторонами не существует: a=1.0, b=1.0, c=100.0
2026-09-24 19:23:18 | [DEBUG  ] | Стороны: a=1.0, b=2.0, c=3.0
2026-09-24 19:23:18 | [WARNING] | Треугольник с такими сторонами не существует: a=1.0, b=2.0, c=3.0
2026-09-24 19:23:18 | [DEBUG  ] | Стороны: a=-3.0, b=4.0, c=5.0
2026-09-24 19:23:18 | [WARNING] | Треугольник с такими сторонами не существует: a=-3.0, b=4.0, c=5.0
2026-09-24 19:23:18 | [DEBUG  ] | Стороны: a=0.0, b=5.0, c=5.0
2026-09-24 19:23:18 | [WARNING] | Треугольник с такими сторонами не существует: a=0.0, b=5.0, c=5.0
2026-09-24 19:23:18 | [ERROR  ] | Некорректные входные данные: '', '', ''
2026-09-24 19:23:18 | [ERROR  ] | Некорректные входные данные: '', '4', '5'
2026-09-24 19:23:18 | [ERROR  ] | Некорректные входные данные: 'abc', '4', '5'
2026-09-24 19:23:18 | [ERROR  ] | Некорректные входные данные: '3', 'xyz', '5'
2026-09-24 19:23:18 | [ERROR  ] | Некорректные входные данные: '3', '4', 'five'
2026-09-24 19:23:18 | [ERROR  ] | Некорректные входные данные: 'None', '4', '5'
2026-09-24 19:23:18 | [ERROR  ] | Некорректные входные данные: '3', '4', '@#$'
2026-09-24 19:23:18 | [DEBUG  ] | Стороны: a=5.0, b=5.0, c=5.0
2026-09-24 19:23:18 | [INFO   ] | Определён вид треугольника: равносторонний
2026-09-24 19:23:18 | [INFO   ] | Итоговые координаты: [(1, 1), (99, 1), (50, 85)]
2026-09-24 19:23:18 | [DEBUG  ] | Стороны: a=5.0, b=5.0, c=8.0
2026-09-24 19:23:18 | [INFO   ] | Определён вид треугольника: равнобедренный
2026-09-24 19:23:18 | [INFO   ] | Итоговые координаты: [(1, 1), (77, 1), (99, 74)]
2026-09-24 19:23:18 | [DEBUG  ] | Стороны: a=5.0, b=8.0, c=5.0
2026-09-24 19:23:18 | [INFO   ] | Определён вид треугольника: равнобедренный
2026-09-24 19:23:18 | [INFO   ] | Итоговые координаты: [(1, 1), (77, 1), (-20, 74)]
2026-09-24 19:23:18 | [DEBUG  ] | Стороны: a=8.0, b=5.0, c=5.0
2026-09-24 19:23:18 | [INFO   ] | Определён вид треугольника: равнобедренный
2026-09-24 19:23:18 | [INFO   ] | Итоговые координаты: [(1, 1), (99, 1), (50, 37)]
2026-09-24 19:23:18 | [DEBUG  ] | Стороны: a=3.0, b=4.0, c=5.0
2026-09-24 19:23:18 | [INFO   ] | Определён вид треугольника: разносторонний
2026-09-24 19:23:18 | [INFO   ] | Итоговые координаты: [(1, 1), (74, 1), (74, 99)]
2026-09-24 19:23:18 | [DEBUG  ] | Стороны: a=3.5, b=4.2, c=5.9
2026-09-24 19:23:18 | [INFO   ] | Определён вид треугольника: разносторонний
2026-09-24 19:23:18 | [INFO   ] | Итоговые координаты: [(1, 1), (82, 1), (99, 97)]
2026-09-24 19:23:18 | [DEBUG  ] | Стороны: a=100.0, b=100.0, c=100.0
2026-09-24 19:23:18 | [INFO   ] | Определён вид треугольника: равносторонний
2026-09-24 19:23:18 | [INFO   ] | Итоговые координаты: [(1, 1), (99, 1), (50, 85)]
2026-09-24 19:23:18 | [DEBUG  ] | Стороны: a=5.0, b=5.0, c=5.0
2026-09-24 19:23:18 | [INFO   ] | Определён вид треугольника: равносторонний
2026-09-24 19:23:18 | [INFO   ] | Итоговые координаты: [(1, 1), (99, 1), (50, 85)]
2026-09-24 19:23:18 | [DEBUG  ] | Стороны: a=5.0, b=5.0, c=5.0
2026-09-24 19:23:18 | [INFO   ] | Определён вид треугольника: равносторонний
2026-09-24 19:23:18 | [INFO   ] | Итоговые координаты: [(1, 1), (99, 1), (50, 85)]
2026-09-24 19:23:18 | [DEBUG  ] | Стороны: a=0.001, b=0.001, c=0.001
2026-09-24 19:23:18 | [INFO   ] | Определён вид треугольника: равносторонний
2026-09-24 19:23:18 | [INFO   ] | Итоговые координаты: [(1, 1), (99, 1), (50, 85)]
